// Jest Snapshot v1, https://goo.gl/fbAQLP

exports[`getModules should load legacy modules 1`] = `
Array [
  Array [
    Object {
      "baseUrl": "https://example.com/cdn/test-root/2.2.2/",
      "legacyBrowser": Object {
        "integrity": "567ty",
        "url": "https://example.com/cdn/test-root/2.2.2/test-root.legacy.browser.js",
      },
    },
    "test-root",
  ],
  Array [
    Object {
      "baseUrl": "https://example.com/cdn/a/2.2.2/",
      "legacyBrowser": Object {
        "integrity": "7567ee",
        "url": "https://example.com/cdn/a/2.2.2/a.legacy.browser.js",
      },
    },
    "a",
  ],
  Array [
    Object {
      "baseUrl": "https://example.com/cdn/b/2.2.2/",
      "legacyBrowser": Object {
        "integrity": "7567ee",
        "url": "https://example.com/cdn/b/2.2.2/b.legacy.browser.js",
      },
    },
    "b",
  ],
]
`;

exports[`getModules should prep modules for consumption 1`] = `
Array [
  Array [
    Object {
      "baseUrl": "https://example.com/cdn/test-root/2.2.2/",
      "browser": Object {
        "integrity": "dhhfsdfwer",
        "url": "https://example.com/cdn/test-root/2.2.2/test-root.browser.js",
      },
    },
    "test-root",
  ],
  Array [
    Object {
      "baseUrl": "https://example.com/cdn/a/2.2.2/",
      "browser": Object {
        "integrity": "fhgnt543",
        "url": "https://example.com/cdn/a/2.2.2/a.browser.js",
      },
    },
    "a",
  ],
  Array [
    Object {
      "baseUrl": "https://example.com/cdn/b/2.2.2/",
      "browser": Object {
        "integrity": "yhrtrhw3",
        "url": "https://example.com/cdn/b/2.2.2/b.browser.js",
      },
    },
    "b",
  ],
]
`;

exports[`renderInitialStateScriptTag should render initial state inside a script tag body 1`] = `
"<script id=\\"initial-state\\" nonce=\\"19219fb1-8768-4ffa-983c-742b3608589b\\">
	window.__render_mode__ = 'hydrate';
	window.__webpack_public_path__ = \\"/\\";
	window.__holocron_module_bundle_type__ = 'browser';
	window.__CLIENT_HOLOCRON_MODULE_MAP__ = {\\"browser\\":{\\"key\\":\\"123\\",\\"modules\\":{\\"test-root\\":{\\"baseUrl\\":\\"https://example.com/cdn/test-root/2.2.2/\\",\\"browser\\":{\\"url\\":\\"https://example.com/cdn/test-root/2.2.2/test-root.browser.js\\",\\"integrity\\":\\"dhhfsdfwer\\"}},\\"a\\":{\\"baseUrl\\":\\"https://example.com/cdn/a/2.2.2/\\",\\"browser\\":{\\"url\\":\\"https://example.com/cdn/a/2.2.2/a.browser.js\\",\\"integrity\\":\\"fhgnt543\\"}},\\"c\\":{\\"baseUrl\\":\\"https://example.com/cdn/c/2.2.2/\\",\\"browser\\":{\\"url\\":\\"https://example.com/cdn/c/2.2.2/c.browser.js\\",\\"integrity\\":\\"323egdsbf\\"}},\\"b\\":{\\"baseUrl\\":\\"https://example.com/cdn/b/2.2.2/\\",\\"browser\\":{\\"url\\":\\"https://example.com/cdn/b/2.2.2/b.browser.js\\",\\"integrity\\":\\"yhrtrhw3\\"}}}},\\"legacyBrowser\\":{\\"key\\":\\"123\\",\\"modules\\":{\\"test-root\\":{\\"baseUrl\\":\\"https://example.com/cdn/test-root/2.2.2/\\",\\"legacyBrowser\\":{\\"url\\":\\"https://example.com/cdn/test-root/2.2.2/test-root.legacy.browser.js\\",\\"integrity\\":\\"567ty\\"}},\\"a\\":{\\"baseUrl\\":\\"https://example.com/cdn/a/2.2.2/\\",\\"legacyBrowser\\":{\\"url\\":\\"https://example.com/cdn/a/2.2.2/a.legacy.browser.js\\",\\"integrity\\":\\"7567ee\\"}},\\"c\\":{\\"baseUrl\\":\\"https://example.com/cdn/c/2.2.2/\\",\\"legacyBrowser\\":{\\"url\\":\\"https://example.com/cdn/c/2.2.2/c.legacy.browser.js\\",\\"integrity\\":\\"d8vdfdfv\\"}},\\"b\\":{\\"baseUrl\\":\\"https://example.com/cdn/b/2.2.2/\\",\\"legacyBrowser\\":{\\"url\\":\\"https://example.com/cdn/b/2.2.2/b.legacy.browser.js\\",\\"integrity\\":\\"7567ee\\"}}}}};
	window.__INITIAL_STATE__ = {\\"intl\\":{\\"activeLocale\\":\\"en-US\\"},\\"config\\":{\\"rootModuleName\\":\\"test-root\\"},\\"holocron\\":{\\"loaded\\":[\\"test-root\\"]}};
</script>"
`;

exports[`renderScriptTag should render bare bones script tag 1`] = `"<script></script>"`;

exports[`renderScriptTag should render script tag with src 1`] = `"<script src=\\"/app.js\\"></script>"`;

exports[`renderScriptTag should render script tag with src and attrs 1`] = `"<script src=\\"/app.js\\" crossorigin=\\"anonymous\\"></script>"`;

exports[`renderScriptTag should render script tag with src, attrs and body 1`] = `
"<script src=\\"/app.js\\" crossorigin=\\"anonymous\\">
console.log(this);
</script>"
`;

exports[`renderScripts should render all app scripts with bare state as default 1`] = `
"<script id=\\"initial-state\\" nonce=\\"19219fb1-8768-4ffa-983c-742b3608589b\\">
	window.__render_mode__ = 'hydrate';
	window.__webpack_public_path__ = \\"/_/static/\\";
	window.__holocron_module_bundle_type__ = 'browser';
	window.__CLIENT_HOLOCRON_MODULE_MAP__ = {\\"key\\":\\"123\\",\\"modules\\":{\\"test-root\\":{\\"baseUrl\\":\\"https://example.com/cdn/test-root/2.2.2/\\",\\"browser\\":{\\"url\\":\\"https://example.com/cdn/test-root/2.2.2/test-root.browser.js\\",\\"integrity\\":\\"dhhfsdfwer\\"}},\\"a\\":{\\"baseUrl\\":\\"https://example.com/cdn/a/2.2.2/\\",\\"browser\\":{\\"url\\":\\"https://example.com/cdn/a/2.2.2/a.browser.js\\",\\"integrity\\":\\"fhgnt543\\"}},\\"c\\":{\\"baseUrl\\":\\"https://example.com/cdn/c/2.2.2/\\",\\"browser\\":{\\"url\\":\\"https://example.com/cdn/c/2.2.2/c.browser.js\\",\\"integrity\\":\\"323egdsbf\\"}},\\"b\\":{\\"baseUrl\\":\\"https://example.com/cdn/b/2.2.2/\\",\\"browser\\":{\\"url\\":\\"https://example.com/cdn/b/2.2.2/b.browser.js\\",\\"integrity\\":\\"yhrtrhw3\\"}}}};
	window.__INITIAL_STATE__ = \\"{\\\\\\"intl\\\\\\":{\\\\\\"activeLocale\\\\\\":\\\\\\"en-US\\\\\\"},\\\\\\"config\\\\\\":{\\\\\\"rootModuleName\\\\\\":\\\\\\"test-root\\\\\\"},\\\\\\"holocron\\\\\\":{\\\\\\"loaded\\\\\\":[\\\\\\"test-root\\\\\\"]}}\\";
</script>
<script src=\\"/_/static/app~vendors.js\\" integrity=\\"sha256-hQX6eBOiXd4Y1P6lypbnxiSVn5hlngqaQMk4EJpAn44= sha384-dQaNuKynPD1onwRNRxJobv25+Zf3bDF0dgdO9Yl3/a43L548hFiJbOX+BY3xRL0i\\" crossorigin=\\"anonymous\\"></script>
<script src=\\"/_/static/runtime.js\\" integrity=\\"sha256-BS+z4Q61be6nCzJ4wwo7SuTFIMIIGOdCepjFH8MjbSo= sha384-ptJKDvCGQNbG6YFcIGGrTNCGz+/Whizhe0apjJOq3WIsF993jRX5c864OTSaXfEE\\" crossorigin=\\"anonymous\\"></script>
<script src=\\"/_/static/vendors.js\\" integrity=\\"sha256-VaK5IR+K3vP1HaYNTOiTS+6dFA+4cyXrllRsCC8VO+w= sha384-NMQgmNz2kyu39sfgXy88kxQ9/tT6MUNkQNMUYztNScoWLNeTsVrl4Czhw3OyygNc\\" crossorigin=\\"anonymous\\"></script>
<script src=\\"/_/static/i18n/en-US.js\\" crossorigin=\\"anonymous\\"></script>
<script src=\\"https://example.com/cdn/test-root/2.2.2/test-root.browser.js?key=123\\" crossorigin=\\"anonymous\\" integrity=\\"dhhfsdfwer\\"></script>
<script src=\\"/_/static/app.js\\" integrity=\\"sha256-2QXp81GxT/SYSwtjdl48T2cl2fCF6e1n2xoNnhDwpW4= sha384-ZxiHrSuvGSAExxL77bA0MH0Zjx15JUKzaxZqY+04qt1vxGaMamvfn8oXfXshISQk\\" crossorigin=\\"anonymous\\"></script>"
`;

exports[`renderScripts should render scripts without defaults 1`] = `
"<script id=\\"initial-state\\">
	window.__render_mode__ = 'hydrate';
	window.__webpack_public_path__ = ;
	window.__holocron_module_bundle_type__ = 'browser';
	window.__CLIENT_HOLOCRON_MODULE_MAP__ = {};
	window.__INITIAL_STATE__ = \\"{\\\\\\"intl\\\\\\":{\\\\\\"activeLocale\\\\\\":\\\\\\"en-US\\\\\\"},\\\\\\"config\\\\\\":{\\\\\\"rootModuleName\\\\\\":\\\\\\"test-root\\\\\\"},\\\\\\"holocron\\\\\\":{\\\\\\"loaded\\\\\\":[]}}\\";
</script>"
`;

exports[`serializeClientInitialState should fail to serialize state and fallback to defaults 1`] = `"{\\"config\\":{\\"rootModuleName\\":\\"test-root\\"},\\"holocron\\":{\\"loaded\\":[]}}"`;

exports[`serializeClientInitialState should serialize state 1`] = `"{\\"holocron\\":{\\"loaded\\":[]}}"`;
